#
# There is insufficient memory for the Java Runtime Environment to continue.
# Native memory allocation (mmap) failed to map 266338304 bytes. Error detail: G1 virtual space
# Possible reasons:
#   The system is out of physical RAM or swap space
#   This process is running with CompressedOops enabled, and the Java Heap may be blocking the growth of the native heap
# Possible solutions:
#   Reduce memory load on the system
#   Increase physical memory or swap space
#   Check if swap backing store is full
#   Decrease Java heap size (-Xmx/-Xms)
#   Decrease number of Java threads
#   Decrease Java thread stack sizes (-Xss)
#   Set larger code cache with -XX:ReservedCodeCacheSize=
#   JVM is running with Zero Based Compressed Oops mode in which the Java heap is
#     placed in the first 32GB address space. The Java Heap base address is the
#     maximum limit for the native heap growth. Please use -XX:HeapBaseMinAddress
#     to set the Java Heap base and to place the Java Heap above 32GB virtual address.
# This output file may be truncated or incomplete.
#
#  Out of Memory Error (os_windows.cpp:3825), pid=756, tid=1120
#
# JRE version:  (17.0.11) (build )
# Java VM: OpenJDK 64-Bit Server VM (17.0.11+0--11852314, mixed mode, sharing, tiered, compressed oops, compressed class ptrs, g1 gc, windows-amd64)
# No core dump will be written. Minidumps are not enabled by default on client versions of Windows
#

---------------  S U M M A R Y ------------

Command Line: org.jetbrains.kotlin.cli.jvm.K2JVMCompiler @C:\Users\Motaz\mm Dropbox\Motaz Sammoud\PC\Desktop\pim\Pim-main\build\shared_preferences_android\20250407_3539207845539869725.compiler.options

Host: Intel(R) Core(TM) i5-10300H CPU @ 2.50GHz, 8 cores, 15G,  Windows 11 , 64 bit Build 22621 (10.0.22621.5124)
Time: Mon Apr  7 07:06:49 2025 Europe de l , 64 bit Build 22621 (10.0.22621.5124) elapsed time: 0.030393 seconds (0d 0h 0m 0s)

---------------  T H R E A D  ---------------

Current thread (0x000001a243a66990):  JavaThread "Unknown thread" [_thread_in_vm, id=1120, stack(0x0000002735500000,0x0000002735600000)]

Stack: [0x0000002735500000,0x0000002735600000]
Native frames: (J=compiled Java code, j=interpreted, Vv=VM code, C=native code)
V  [jvm.dll+0x687bb9]
V  [jvm.dll+0x84142a]
V  [jvm.dll+0x8430ae]
V  [jvm.dll+0x843713]
V  [jvm.dll+0x24a35f]
V  [jvm.dll+0x684989]
V  [jvm.dll+0x67923a]
V  [jvm.dll+0x30af0b]
V  [jvm.dll+0x3123b6]
V  [jvm.dll+0x361dfe]
V  [jvm.dll+0x36202f]
V  [jvm.dll+0x2e0d38]
V  [jvm.dll+0x2e1ca4]
V  [jvm.dll+0x811f21]
V  [jvm.dll+0x36fb68]
V  [jvm.dll+0x7f0896]
V  [jvm.dll+0x3f3d2f]
V  [jvm.dll+0x3f58e1]
C  [jli.dll+0x528f]
C  [ucrtbase.dll+0x29333]
C  [KERNEL32.DLL+0x1259d]
C  [ntdll.dll+0x5af38]


---------------  P R O C E S S  ---------------

Threads class SMR info:
_java_thread_list=0x00007ffcacc9efd8, length=0, elements={
}

Java Threads: ( => current thread )

Other Threads:
  0x000001a243ad0450 GCTaskThread "GC Thread#0" [stack: 0x0000002735600000,0x0000002735700000] [id=4268]
  0x000001a243ae10e0 ConcurrentGCThread "G1 Main Marker" [stack: 0x0000002735700000,0x0000002735800000] [id=7824]
  0x000001a243ae2b10 ConcurrentGCThread "G1 Conc#0" [stack: 0x0000000000000000,0x0000000000000000] [id=14636]

[error occurred during error reporting (printing all threads), id 0xc0000005, EXCEPTION_ACCESS_VIOLATION (0xc0000005) at pc=0x00007ffcac451907]

VM state: not at safepoint (not fully initialized)

VM Mutex/Monitor currently owned by a thread:  ([mutex/lock_event])
[0x000001a24193ba40] Heap_lock - owner thread: 0x000001a243a66990

Heap address: 0x0000000702c00000, size: 4052 MB, Compressed Oops mode: Zero based, Oop shift amount: 3

CDS archive(s) mapped at: [0x0000000000000000-0x0000000000000000-0x0000000000000000), size 0, SharedBaseAddress: 0x0000000800000000, ArchiveRelocationMode: 1.
Narrow klass base: 0x0000000000000000, Narrow klass shift: 0, Narrow klass range: 0x0

GC Precious Log:
<Empty>

Heap:
 garbage-first heap   total 0K, used 0K [0x0000000702c00000, 0x0000000800000000)
  region size 2048K, 0 young (0K), 0 survivors (0K)
 Metaspace       used 0K, committed 0K, reserved 0K
  class space    used 0K, committed 0K, reserved 0K

Heap Regions: E=young(eden), S=young(survivor), O=old, HS=humongous(starts), HC=humongous(continues), CS=collection set, F=free, OA=open archive, CA=closed archive, TAMS=top-at-mark-start (previous, next)

Card table byte_map: [0x000001a256a50000,0x000001a257240000] _byte_map_base: 0x000001a25323a000

Marking Bits (Prev, Next): (CMBitMap*) 0x000001a243ad0a70, (CMBitMap*) 0x000001a243ad0ab0
 Prev Bits: [0x000001a257a30000, 0x000001a25b980000)
 Next Bits: [0x000001a25b980000, 0x000001a25f8d0000)

GC Heap History (0 events):
No events

Dll operation events (1 events):
Event: 0.025 Loaded shared library C:\Program Files\Android\Android Studio\jbr\bin\java.dll

Deoptimization events (0 events):
No events

Classes unloaded (0 events):
No events

Classes redefined (0 events):
No events

Internal exceptions (0 events):
No events

VM Operations (0 events):
No events

Events (0 events):
No events


Dynamic libraries:
0x00007ff6cec60000 - 0x00007ff6cec6a000 	C:\Program Files\Android\Android Studio\jbr\bin\java.exe
0x00007ffd4b550000 - 0x00007ffd4b767000 	C:\WINDOWS\SYSTEM32\ntdll.dll
0x00007ffd4a7e0000 - 0x00007ffd4a8a4000 	C:\WINDOWS\System32\KERNEL32.DLL
0x00007ffd488d0000 - 0x00007ffd48ca3000 	C:\WINDOWS\System32\KERNELBASE.dll
0x00007ffd48e50000 - 0x00007ffd48f61000 	C:\WINDOWS\System32\ucrtbase.dll
0x00007ffd163a0000 - 0x00007ffd163b7000 	C:\Program Files\Android\Android Studio\jbr\bin\jli.dll
0x00007ffd12af0000 - 0x00007ffd12b0b000 	C:\Program Files\Android\Android Studio\jbr\bin\VCRUNTIME140.dll
0x00007ffd4b1e0000 - 0x00007ffd4b391000 	C:\WINDOWS\System32\USER32.dll
0x00007ffd48e20000 - 0x00007ffd48e46000 	C:\WINDOWS\System32\win32u.dll
0x00007ffd4a990000 - 0x00007ffd4a9b9000 	C:\WINDOWS\System32\GDI32.dll
0x00007ffd487b0000 - 0x00007ffd488cb000 	C:\WINDOWS\System32\gdi32full.dll
0x00007ffd49160000 - 0x00007ffd491fa000 	C:\WINDOWS\System32\msvcp_win.dll
0x00007ffd31f50000 - 0x00007ffd321e8000 	C:\WINDOWS\WinSxS\amd64_microsoft.windows.common-controls_6595b64144ccf1df_6.0.22621.5124_none_270e8f4f7386d69d\COMCTL32.dll
0x00007ffd4a3d0000 - 0x00007ffd4a477000 	C:\WINDOWS\System32\msvcrt.dll
0x00007ffd4a9c0000 - 0x00007ffd4a9f1000 	C:\WINDOWS\System32\IMM32.DLL
0x00007ffd19a40000 - 0x00007ffd19a4c000 	C:\Program Files\Android\Android Studio\jbr\bin\vcruntime140_1.dll
0x00007ffceff50000 - 0x00007ffceffdd000 	C:\Program Files\Android\Android Studio\jbr\bin\msvcp140.dll
0x00007ffcac160000 - 0x00007ffcacde3000 	C:\Program Files\Android\Android Studio\jbr\bin\server\jvm.dll
0x00007ffd49bc0000 - 0x00007ffd49c71000 	C:\WINDOWS\System32\ADVAPI32.dll
0x00007ffd4aa70000 - 0x00007ffd4ab18000 	C:\WINDOWS\System32\sechost.dll
0x00007ffd48ff0000 - 0x00007ffd49018000 	C:\WINDOWS\System32\bcrypt.dll
0x00007ffd49200000 - 0x00007ffd49314000 	C:\WINDOWS\System32\RPCRT4.dll
0x00007ffd474c0000 - 0x00007ffd4750d000 	C:\WINDOWS\SYSTEM32\POWRPROF.dll
0x00007ffd2f730000 - 0x00007ffd2f739000 	C:\WINDOWS\SYSTEM32\WSOCK32.dll
0x00007ffd4ac40000 - 0x00007ffd4acb1000 	C:\WINDOWS\System32\WS2_32.dll
0x00007ffd42f70000 - 0x00007ffd42fa4000 	C:\WINDOWS\SYSTEM32\WINMM.dll
0x00007ffd43830000 - 0x00007ffd4383a000 	C:\WINDOWS\SYSTEM32\VERSION.dll
0x00007ffd474a0000 - 0x00007ffd474b3000 	C:\WINDOWS\SYSTEM32\UMPDC.dll
0x00007ffd47750000 - 0x00007ffd47768000 	C:\WINDOWS\SYSTEM32\kernel.appcore.dll
0x00007ffd19180000 - 0x00007ffd1918a000 	C:\Program Files\Android\Android Studio\jbr\bin\jimage.dll
0x00007ffd32230000 - 0x00007ffd32462000 	C:\WINDOWS\SYSTEM32\DBGHELP.DLL
0x00007ffd4ae40000 - 0x00007ffd4b1d2000 	C:\WINDOWS\System32\combase.dll
0x00007ffd4a4f0000 - 0x00007ffd4a5c7000 	C:\WINDOWS\System32\OLEAUT32.dll
0x00007ffd302f0000 - 0x00007ffd30322000 	C:\WINDOWS\SYSTEM32\dbgcore.DLL
0x00007ffd48730000 - 0x00007ffd487ab000 	C:\WINDOWS\System32\bcryptPrimitives.dll
0x00007ffd09e40000 - 0x00007ffd09e65000 	C:\Program Files\Android\Android Studio\jbr\bin\java.dll

dbghelp: loaded successfully - version: 4.0.5 - missing functions: none
symbol engine: initialized successfully - sym options: 0x614 - pdb path: .;C:\Program Files\Android\Android Studio\jbr\bin;C:\WINDOWS\SYSTEM32;C:\WINDOWS\WinSxS\amd64_microsoft.windows.common-controls_6595b64144ccf1df_6.0.22621.5124_none_270e8f4f7386d69d;C:\Program Files\Android\Android Studio\jbr\bin\server

VM Arguments:
java_command: org.jetbrains.kotlin.cli.jvm.K2JVMCompiler @C:\Users\Motaz\mm Dropbox\Motaz Sammoud\PC\Desktop\pim\Pim-main\build\shared_preferences_android\20250407_3539207845539869725.compiler.options
java_class_path (initial): C:\Users\Motaz\.gradle\caches\modules-2\files-2.1\org.jetbrains.kotlin\kotlin-compiler-embeddable\1.8.22\e2cf111da088dc807a74157741b4cd4b664edfb7\kotlin-compiler-embeddable-1.8.22.jar;C:\Users\Motaz\.gradle\caches\modules-2\files-2.1\org.jetbrains.kotlin\kotlin-stdlib\1.8.22\636bf8b320e7627482771bbac9ed7246773c02bd\kotlin-stdlib-1.8.22.jar;C:\Users\Motaz\.gradle\caches\modules-2\files-2.1\org.jetbrains.kotlin\kotlin-script-runtime\1.8.22\ce5ff1f309623f8c1be5143bdba032c4a04cec3a\kotlin-script-runtime-1.8.22.jar;C:\Users\Motaz\.gradle\caches\modules-2\files-2.1\org.jetbrains.kotlin\kotlin-reflect\1.6.10\1cbe9c92c12a94eea200d23c2bbaedaf3daf5132\kotlin-reflect-1.6.10.jar;C:\Users\Motaz\.gradle\caches\modules-2\files-2.1\org.jetbrains.kotlin\kotlin-daemon-embeddable\1.8.22\7d9f7e06a59d2fcbc9b373400c146f42fd722e81\kotlin-daemon-embeddable-1.8.22.jar;C:\Users\Motaz\.gradle\caches\modules-2\files-2.1\org.jetbrains.intellij.deps\trove4j\1.0.20200330\3afb14d5f9ceb459d724e907a21145e8ff394f02\trove4j-1.0.20200330.jar;C:\Users\Motaz\.gradle\caches\modules-2\files-2.1\net.java.dev.jna\jna\5.6.0\330f2244e9030119ab3030fc3fededc86713d9cc\jna-5.6.0.jar;C:\Users\Motaz\.gradle\caches\modules-2\files-2.1\org.jetbrains.kotlin\kotlin-stdlib-common\1.8.22\1a8e3601703ae14bb58757ea6b2d8e8e5935a586\kotlin-stdlib-common-1.8.22.jar;C:\Users\Motaz\.gradle\caches\modules-2\files-2.1\org.jetbrains\annotations\13.0\919f0dfe192fb4e063e7dacadee7f8bb9a2672a9\annotations-13.0.jar
Launcher Type: SUN_STANDARD

[Global flags]
     intx CICompilerCount                          = 4                                         {product} {ergonomic}
     uint ConcGCThreads                            = 2                                         {product} {ergonomic}
     uint G1ConcRefinementThreads                  = 8                                         {product} {ergonomic}
   size_t G1HeapRegionSize                         = 2097152                                   {product} {ergonomic}
    uintx GCDrainStackTargetSize                   = 64                                        {product} {ergonomic}
   size_t InitialHeapSize                          = 266338304                                 {product} {ergonomic}
   size_t MarkStackSize                            = 4194304                                   {product} {ergonomic}
   size_t MaxHeapSize                              = 4248829952                                {product} {ergonomic}
   size_t MinHeapDeltaBytes                        = 2097152                                   {product} {ergonomic}
   size_t MinHeapSize                              = 8388608                                   {product} {ergonomic}
    uintx NonNMethodCodeHeapSize                   = 5839372                                {pd product} {ergonomic}
    uintx NonProfiledCodeHeapSize                  = 122909434                              {pd product} {ergonomic}
    uintx ProfiledCodeHeapSize                     = 122909434                              {pd product} {ergonomic}
    uintx ReservedCodeCacheSize                    = 251658240                              {pd product} {ergonomic}
     bool SegmentedCodeCache                       = true                                      {product} {ergonomic}
   size_t SoftMaxHeapSize                          = 4248829952                             {manageable} {ergonomic}
     bool UseCompressedClassPointers               = true                           {product lp64_product} {ergonomic}
     bool UseCompressedOops                        = true                           {product lp64_product} {ergonomic}
     bool UseG1GC                                  = true                                      {product} {ergonomic}
     bool UseLargePagesIndividualAllocation        = false                                  {pd product} {ergonomic}

Logging:
Log output configuration:
 #0: stdout all=warning uptime,level,tags
 #1: stderr all=off uptime,level,tags

Environment Variables:
JAVA_HOME=C:\Program Files\Android\Android Studio\jbr
CLASSPATH=C:\Users\Motaz\mm Dropbox\Motaz Sammoud\PC\Desktop\pim\Pim-main\android\\gradle\wrapper\gradle-wrapper.jar
PATH=C:\Program Files\Android\Android Studio\jbr\bin;C:\src\flutter\bin\;C:\Program Files (x86)\VMware\VMware Workstation\bin\;C:\Program Files\Common Files\Oracle\Java\javapath;C:\Python312\Scripts\;C:\Python312\;C:\WINDOWS\system32;C:\WINDOWS;C:\WINDOWS\System32\Wbem;C:\WINDOWS\System32\WindowsPowerShell\v1.0\;C:\WINDOWS\System32\OpenSSH\;C:\wamp64\bin\php\php7.4.33;C:\Program Files\Git\cmd;C:\Program Files\Git\mingw64\bin;C:\Program Files\Git\usr\bin;C:\Program Files (x86)\php-8.2.3-Win32-vs16-x64;C:\composer;C:\xampp\php;C:\Users\Motaz\AppData\Local\Pub\Cache\bin;C:\Users\Motaz\AppData\Local\Pub\Cache\bin;C:\Users\Motaz\scoop\shims;C:\Users\Motaz\AppData\Local\Microsoft\WindowsApps;C:\Users\Motaz\AppData\Local\Programs\Microsoft VS Code\bin;C:\Users\Motaz\AppData\Roaming\Composer\vendor\bin;C:\Program Files\JetBrains\PhpStorm 2022.3.2\bin;C:\src\flutter\bin;C:\Users\Motaz\AppData\Roaming\npm;C:\Users\Motaz\mm Dropbox\Motaz Sammoud\PC\Downloads\firebase-tools-instant-win.exe;C:\adb;C:\Program Files\nodejs\;C:\Program Files\MongoDB\Server\7.0\bin;C:\mongosh-2.0.2-win32-x64\bin;C:\Program Files\Docker\Docker\resources\bin;C:\Program Files\Microsoft SQL Server\150\Tools\Binn\;C:\Program Files\dotnet\;C:\Program Files\Amazon\AWSCLIV2\;C:\Program Files\PuTTY\;C:\ProgramData\chocolatey\bin;C:\Program Files\MongoDB\Server\8.0\bin;C:\Program Files\Java\jdk-17\bin;C:\php-8.4.4-src;C:\Program Files\Microsoft SQL Server\Client SDK\ODBC\170\Tools\Binn\;C:\Users\Motaz\scoop\shims;C:\Users\Motaz\AppData\Local\Microsoft\WindowsApps;C:\Users\Motaz\AppData\Roaming\Composer\vendor\bin;C:\Program Files\JetBrains\PhpStorm 2022.3.2\bin;C:\src\flutter\flutter\bin;C:\Users\Motaz\AppData\Local\Pub\Cache\bin;C:\Users\Motaz\mm Dropbox\Motaz Sammoud\PC\Downloads\firebase-tools-instant-win.exe;C:\Program Files\Java\jdk-17\bin;C:\Users\Motaz\AppData\Roaming\npm;C:\flutter;%kiki%bin;C:\Users\Motaz\mm Dropbox\Motaz Sammoud\PC\Downloads\chocolatey.2.3.0.nupkg;C:\ProgramData\chocolatey\lib\python\t
USERNAME=Motaz
LANG=en_US.UTF-8
OS=Windows_NT
PROCESSOR_IDENTIFIER=Intel64 Family 6 Model 165 Stepping 2, GenuineIntel
TMP=C:\Users\Motaz\AppData\Local\Temp
TEMP=C:\Users\Motaz\AppData\Local\Temp



Periodic native trim disabled

JNI global refs:
JNI global refs: 0, weak refs: 0

JNI global refs memory usage: 0, weak refs: 0

Process memory usage:
Resident Set Size: 11880K (0% of 16591048K total physical memory with 771164K free physical memory)

OOME stack traces (most recent first):
Classloader memory used:


---------------  S Y S T E M  ---------------

OS:
 Windows 11 , 64 bit Build 22621 (10.0.22621.5124)
OS uptime: 0 days 0:33 hours
Hyper-V role detected

CPU: total 8 (initial active 8) (4 cores per cpu, 2 threads per core) family 6 model 165 stepping 2 microcode 0xe2, cx8, cmov, fxsr, ht, mmx, 3dnowpref, sse, sse2, sse3, ssse3, sse4.1, sse4.2, popcnt, lzcnt, tsc, tscinvbit, avx, avx2, aes, erms, clmul, bmi1, bmi2, adx, fma, vzeroupper, clflush, clflushopt, hv
Processor Information for all 8 processors :
  Max Mhz: 2496, Current Mhz: 2496, Mhz Limit: 2496

Memory: 4k page, system-wide physical 16202M (753M free)
TotalPageFile size 18250M (AvailPageFile size 159M)
current process WorkingSet (physical memory assigned to process): 11M, peak: 11M
current process commit charge ("private bytes"): 60M, peak: 314M

vm_info: OpenJDK 64-Bit Server VM (17.0.11+0--11852314) for windows-amd64 JRE (17.0.11+0--11852314), built on May 16 2024 21:29:20 by "androidbuild" with MS VC++ 16.10 / 16.11 (VS2019)

END.
